SELECT [Foo],
[Bar],
[Baz]
FROM dbo.[Orders]
ORDER BY [Id]