SELECT *
FROM dbo.[Orders]
WHERE [Id] IN
(
 SELECT [Id]
 FROM (SELECT t1.[Id], Row_Number() over (ORDER BY t1.[Id]) as RowNum FROM (SELECT * FROM dbo.[Orders] WHERE ([Price] > 5)) t1
INNER JOIN (SELECT * FROM dbo.[Customers]) t2 ON t1.[CustomerId] = t2.[Id]) RS
 WHERE RowNum >= @_minrow AND RowNum <= @_maxrow
)