SELECT *
FROM (
    SELECT *
    FROM [dbo].[Orders]
    WHERE ([Price] > 5)
) ALIAS_GENERATED_2
ORDER BY ALIAS_GENERATED_2.[Id]