SELECT ALIAS_Orders_2.*
FROM dbo.[Orders] ALIAS_Orders_2
INNER JOIN (
    SELECT *
    FROM dbo.[Customers]
    WHERE (IsActive = 1)
    ORDER BY [Created]
) ALIAS_GENERATED_1
ON ALIAS_Orders_2.[CustomerId] = ALIAS_GENERATED_1.[Id]
AND ALIAS_Orders_2.[Owner] = ALIAS_GENERATED_1.[Owner]
INNER JOIN (
    SELECT *
    FROM dbo.[Accounts] WITH (UPDLOCK)
) ALIAS_GENERATED_3
ON ALIAS_Orders_2.[AccountId] = ALIAS_GENERATED_3.[Id]
ORDER BY ALIAS_Orders_2.[Id]