SELECT ROW_NUMBER() OVER (ORDER BY [Id]) AS ROWNUM
FROM [dbo].[Orders]
ORDER BY [ROWNUM]