SELECT TOP 100 t2.* FROM (SELECT * FROM dbo.[Orders] WHERE ([Price] > 5)) t2
INNER JOIN dbo.[Customers] t1 ON t2.[CustomerId] = t1.[Id] ORDER BY t2.[Id]