SELECT ROW_NUMBER() OVER (ORDER BY [Foo]) AS ROWNUM
FROM [dbo].[Orders]
ORDER BY [Id]