SELECT *
FROM (
    SELECT *
    FROM dbo.[Accounts]
) ALIAS_GENERATED_1