SELECT ALIAS_Orders_2.*
FROM dbo.[Orders] ALIAS_Orders_2
LEFT HASH JOIN dbo.[Account] ALIAS_Account_1
ON ALIAS_Orders_2.[AccountId] = ALIAS_Account_1.[Id]
LEFT HASH JOIN (
    SELECT *
    FROM dbo.[Company]
    WHERE ([Name] = @name)
) ALIAS_GENERATED_3
ON ALIAS_Orders_2.[CompanyId] = ALIAS_GENERATED_3.[CompanyId]
ORDER BY ALIAS_Orders_2.[Id]