SELECT ALIAS_Orders_2.* FROM dbo.[Orders] ALIAS_Orders_2
INNER JOIN dbo.[Customers] ALIAS_Customers_1 ON ALIAS_Orders_2.[CustomerId] = ALIAS_Customers_1.[Id]
INNER JOIN dbo.[Accounts] ALIAS_Accounts_3 ON ALIAS_Orders_2.[AccountId] = ALIAS_Accounts_3.[Id] ORDER BY ALIAS_Orders_2.[Id]