SELECT COUNT(*)
FROM (
    SELECT *
    FROM dbo.[Orders]
    WHERE ([Price] > 5)
) ALIAS_GENERATED_2
INNER JOIN dbo.[Customers] ALIAS_Customers_1
ON ALIAS_GENERATED_2.[CustomerId] = ALIAS_Customers_1.[Id]