SELECT [Foo] AS [F],
[Bar] AS [B],
[Baz] AS [B2]
FROM [dbo].[Orders]
ORDER BY [Id]