SELECT ORD.*
FROM dbo.[Orders] ORD
INNER JOIN (
    SELECT *
    FROM dbo.[Accounts]
) ACC
ON ORD.[AccountId] = ACC.[Id]
WHERE (ORD.[Id] = @id_1)
ORDER BY ORD.[Name]