CREATE FUNCTION [dbo].[PackagesMatchingId]
(
    @packageid NVARCHAR(250)
)
RETURNS TABLE
AS
RETURN (
    SELECT *
    FROM [dbo].[NuGetPackages]
    WHERE (PackageId = @packageid)
    ORDER BY [Id]
)