INSERT INTO dbo.[TestDocumentTbl]  ([AColumn], [Id], [JSON]) VALUES 
(@AColumn, @Id, @JSON)

@Id=New-Id
@JSON={"NotMapped":"NonMappedValue"}
@AColumn=AValue