INSERT INTO dbo.[TestDocumentTbl]  ([Id], [AColumn], [JSON]) VALUES 
(@Id, @AColumn, @JSON)

@Id=SuppliedId
@JSON={"NotMapped":"NonMappedValue"}
@AColumn=AValue