UPDATE dbo.[TestDocumentTbl]  SET [AColumn] = @AColumn, [JSON] = @JSON WHERE [Id] = @Id
@Id=Doc-1
@JSON={"Id":"Doc-1","AColumn":"AValue","NotMapped":"NonMappedValue"}
@AColumn=AValue