INSERT INTO [dbo].[TestDocumentTbl]  ([Id], [AColumn], [JSON])  VALUES 
(@Id, @AColumn, @JSON)
INSERT INTO [dbo].[RelatedDocument] ([Id], [Table], [RelatedDocumentId], [RelatedDocumentTable])
SELECT [DocumentId], [DocumentTable], [ReferenceId], [ReferenceTable] FROM @0__relatedDocumentTableValuedParameter
INSERT INTO [dbo].[OtherRelatedTable] ([Id], [Table], [RelatedDocumentId], [RelatedDocumentTable])
SELECT [DocumentId], [DocumentTable], [ReferenceId], [ReferenceTable] FROM @1__relatedDocumentTableValuedParameter

@Id=New-Id-1
@JSON={}
@AColumn=Doc1
@0__relatedDocumentTableValuedParameter=Nevermore.TableValuedParameter
@1__relatedDocumentTableValuedParameter=Nevermore.TableValuedParameter