DELETE FROM [TestDocumentTbl] WITH (ROWLOCK) WHERE [Id] = @Id

@Id=Doc-1