DELETE FROM [TestDocumentTbl] WITH (ROWLOCK) WHERE [Id] = @Id
DELETE FROM [RelatedDocument] WITH (ROWLOCK) WHERE [Id] = @Id

@Id=Doc-1