DELETE FROM [dbo].[TestDocumentTbl] 
WHERE [Foo] > @1
