INSERT INTO dbo.[TestDocument]  (AColumn, Id, JSON) VALUES 
(@0__AColumn, @0__Id, @0__JSON)
,(@1__AColumn, @1__Id, @1__JSON)
,(@2__AColumn, @2__Id, @2__JSON)
INSERT INTO [RelatedDocument] ([Id], [Type], [RelatedDocumentId], [RelatedDocumentType]) VALUES
(@0__Id, 'TestDocument', @relateddocument_0, 'Other')
,(@0__Id, 'TestDocument', @relateddocument_1, 'Other')
,(@2__Id, 'TestDocument', @relateddocument_2, 'Other')
,(@2__Id, 'TestDocument', @relateddocument_3, 'Other')

@0__Id=New-Id-1
@0__JSON={"Id":null,"AColumn":"Doc1"}
@0__AColumn=Doc1
@1__Id=New-Id-2
@1__JSON={"Id":null,"AColumn":"Doc2"}
@1__AColumn=Doc2
@2__Id=New-Id-3
@2__JSON={"Id":null,"AColumn":"Doc1"}
@2__AColumn=Doc1
@relateddocument_0=Rel-1
@relateddocument_1=Rel-2
@relateddocument_2=Rel-2
@relateddocument_3=Rel-3